../Core/Src/main.c:140:5:main	16	static
../Core/Src/main.c:215:6:SystemClock_Config	88	static
../Core/Src/main.c:261:13:MX_ADC1_Init	24	static
../Core/Src/main.c:327:13:MX_TIM2_Init	64	static
../Core/Src/main.c:386:13:MX_USART1_UART_Init	8	static
../Core/Src/main.c:417:13:MX_DMA_Init	16	static
../Core/Src/main.c:435:13:MX_GPIO_Init	32	static
../Core/Src/main.c:495:5:__io_putchar	24	static
../Core/Src/main.c:506:6:HAL_GPIO_EXTI_CALLBACK	16	static
../Core/Src/main.c:514:6:Calc_ADC	48	static
../Core/Src/main.c:562:6:Control_Loop	24	static
../Core/Src/main.c:692:6:Log_Status	104	static
../Core/Src/main.c:719:7:Filter_EMA	32	static
../Core/Src/main.c:723:6:Set_PWM_Duty	16	static
../Core/Src/main.c:727:6:Buck_Enable	16	static
../Core/Src/main.c:736:6:Error_Handler	4	static,ignoring_inline_asm
